// Jest Snapshot v1, https://goo.gl/fbAQLP

exports[`babel macro fontFace 1`] = `
"
require('../../src').fontFace([\`@font-face {font-family: MyHelvetica;
    src: local(\\"Helvetica Neue Bold\\"),
         local(\\"HelveticaNeue-Bold\\"),
         url(MgOpenModernaBold.ttf);
    font-weight: bold;}\`]);"
`;

exports[`babel macro injectGlobal 1`] = `
"
require('../../src').injectGlobal([\`body {
        margin: 0;
        padding: 0;
      }\`, \`body > div {
        display: none;
}\`, \`html {
        background: green;
      }\`]);"
`;

exports[`babel macro styled object function 1`] = `
"
const SomeComponent = require('../../src/react').default('div', [{
  display: 'flex'
}], []);"
`;

exports[`babel macro styled object member 1`] = `
"
const SomeComponent = require('../../src/react').default('div', [{
  display: 'flex'
}], []);"
`;

exports[`babel macro styled tagged template literal function 1`] = `
"
const SomeComponent = require('../../src/react').default('div', ['css-SomeComponent-1q8jsgx'], [], function createEmotionStyledRules() {
  return [\`.css-SomeComponent-1q8jsgx { display: -webkit-box; display: -moz-box; display: -ms-flexbox; display: -webkit-flex; display: flex; }\`];
});"
`;

exports[`babel macro styled tagged template literal member 1`] = `
"
const SomeComponent = require('../../src/react').default('div', ['css-SomeComponent-1q8jsgx'], [], function createEmotionStyledRules() {
  return [\`.css-SomeComponent-1q8jsgx { display: -webkit-box; display: -moz-box; display: -ms-flexbox; display: -webkit-flex; display: flex; }\`];
});"
`;

exports[`babel macro styled tagged template literal member require commonjs 1`] = `
"
const styled = require('../../src/react/macro').default;
const SomeComponent = styled.div\`
          display: flex;
        \`;"
`;
