// Jest Snapshot v1, https://goo.gl/fbAQLP

exports[`emotion/glamor babel basic 1`] = `"<div className=\\"a\\" {...css({ color: 'brown' })}></div>;"`;

exports[`emotion/glamor babel className as expression 1`] = `"<div className={props.className} {...css({ color: 'brown' })}></div>;"`;

exports[`emotion/glamor babel className as expression string 1`] = `"<div className={\`test__class\`} {...css({ color: 'brown' })} this={\`hello\`}></div>;"`;

exports[`emotion/glamor babel css empty 1`] = `"<div {...css({})}></div>;"`;

exports[`emotion/glamor babel emptyClassName 1`] = `"<div className=\\"\\" {...css({ color: 'brown' })}></div>;"`;

exports[`emotion/glamor babel no className 1`] = `"<div {...css({ color: 'brown' })}></div>;"`;

exports[`emotion/glamor babel no css attr 1`] = `"<div></div>;"`;

exports[`emotion/glamor babel wrong value type 1`] = `"<div {...css(5)}></div>;"`;

exports[`emotion/glamor real basic 1`] = `
.css-1ezp9xe,
[data-css-1ezp9xe] {
  color: red;
}

<p
  data-css-1ezp9xe=""
>
  hello world
</p>
`;

exports[`emotion/glamor real kitchen sink 1`] = `
.css-icjsl7,
[data-css-icjsl7] {
  color: blue;
}

.css-gvvg5g,
[data-css-gvvg5g] {
  color: gray;
}

.css-16ywyew,
[data-css-16ywyew] {
  border: 1px solid blue;
}

.css-1cqgl9p,
[data-css-1cqgl9p] {
  display: -webkit-box;
  display: -moz-box;
  display: -ms-flexbox;
  display: -webkit-flex;
  display: flex;
}

@media (min-width: 420px) {
  .css-198yaui,
  [data-css-198yaui] {
    font-size: 48px;
  }
}

<div
  className="css__legacy-stuff"
  data-css-icjsl7=""
>
  <h1
    data-css-198yaui=""
  >
    BOOM
  </h1>
  <p
    className="test_class1"
    data-css-gvvg5g=""
  >
    Hello
  </p>
  <p
    className="test_class1 test___class45"
    data-css-16ywyew=""
  >
    World
  </p>
  <p
    data-css-1cqgl9p=""
  >
    hello world
  </p>
</div>
`;
