// Jest Snapshot v1, https://goo.gl/fbAQLP

exports[`emotion/glam babel StringLiteral css prop value 1`] = `"<div className={css\`color: brown;\`}></div>;"`;

exports[`emotion/glam babel basic 1`] = `"<div className={\\"a\\" + \\" \\" + css\`color: brown;\`}></div>;"`;

exports[`emotion/glam babel className as expression 1`] = `"<div className={variable + \\" \\" + css\`color: brown;\`}></div>;"`;

exports[`emotion/glam babel className as expression string 1`] = `"<div className={\`test__class\` + \\" \\" + css\`color: brown;\`} this={\`hello\`}></div>;"`;

exports[`emotion/glam babel css empty 1`] = `"<div className={css\`\`}></div>;"`;

exports[`emotion/glam babel emptyClassName 1`] = `"<div className={\\"\\" + \\" \\" + css\`color: brown;\`}></div>;"`;

exports[`emotion/glam babel no css attr 1`] = `"<div></div>;"`;

exports[`emotion/glam babel noClassName 1`] = `"<div className={css\`color: brown;\`}></div>;"`;

exports[`emotion/glam real basic 1`] = `
<p
  className="css-jk0pkr"
>
  hello world
</p>
`;

exports[`emotion/glam real kitchen sink 1`] = `
<div
  className="css__legacy-stuff css-1170hdn vars-k1238z frag-15qcrjv frag-mdk64u"
>
  <h1
    className="css-wjhr0q vars-11t1jtz frag-1wh34bm vars-telb2o"
  >
    BOOM
  </h1>
  <p
    className="test_class1 css-14jcta0"
  >
    Hello
  </p>
  <p
    className="test_class1 test___class45 css-1gdxe9e"
  >
    World
  </p>
  <p
    className="css-1g8ltio vars-bs2yjn"
  >
    hello world
  </p>
</div>
`;
