// Jest Snapshot v1, https://goo.gl/fbAQLP

exports[`extractCritical returns static css 1`] = `
Object {
  "css": ".no-prefix {
    display: -webkit-box;
    display: -moz-box;
    display: -ms-flexbox;
    display: -webkit-flex;
    display: flex;
    -webkit-justify-content: center;
    -ms-flex-pack: center;
    -webkit-box-pack: center;
    justify-content: center;
  }.css-Main-17vxl0k-1g2c78b { display: -webkit-box; display: -moz-box; display: -ms-flexbox; display: -webkit-flex; display: flex; }.css-Image-z4ry8g-1qx25bk { border-radius: 50%;
  height: 30;
  width: 30;
  background-color: red }.css-Image-z4ry8g-141jzk4 { border-radius: 50%;
  height: 100;
  width: 100;
  background-color: red }.css-Image-z4ry8g-jpu7qc { border-radius: 50%;
  height: 50pxpx;
  width: 50pxpx;
  background-color: red }",
  "html": "<main class=\\"css-Main-17vxl0k-1g2c78b css-Main-17vxl0k\\" data-reactroot=\\"\\" data-reactid=\\"1\\" data-react-checksum=\\"-987402706\\"><img size=\\"30\\" class=\\"css-Image-z4ry8g-1qx25bk css-Image-z4ry8g\\" data-reactid=\\"2\\"/><img size=\\"100\\" class=\\"css-Image-z4ry8g-141jzk4 css-Image-z4ry8g\\" data-reactid=\\"3\\"/><img class=\\"css-Image-z4ry8g-jpu7qc css-Image-z4ry8g\\" data-reactid=\\"4\\"/></main>",
  "ids": Array [],
  "rules": Array [
    Object {
      "cssText": ".no-prefix {
    display: -webkit-box;
    display: -moz-box;
    display: -ms-flexbox;
    display: -webkit-flex;
    display: flex;
    -webkit-justify-content: center;
    -ms-flex-pack: center;
    -webkit-box-pack: center;
    justify-content: center;
  }",
    },
    Object {
      "cssText": ".css-Main-17vxl0k-1g2c78b { display: -webkit-box; display: -moz-box; display: -ms-flexbox; display: -webkit-flex; display: flex; }",
    },
    Object {
      "cssText": ".css-Image-z4ry8g-1qx25bk { border-radius: 50%;
  height: 30;
  width: 30;
  background-color: red }",
    },
    Object {
      "cssText": ".css-Image-z4ry8g-141jzk4 { border-radius: 50%;
  height: 100;
  width: 100;
  background-color: red }",
    },
    Object {
      "cssText": ".css-Image-z4ry8g-jpu7qc { border-radius: 50%;
  height: 50pxpx;
  width: 50pxpx;
  background-color: red }",
    },
  ],
}
`;
