// Jest Snapshot v1, https://goo.gl/fbAQLP

exports[`emotion/babel babel css prop StringLiteral css prop value 1`] = `"<div className={css(\\"css-jf1v9l\\", [])}></div>;"`;

exports[`emotion/babel babel css prop basic 1`] = `"<div className={\\"a\\" + \\" \\" + css(\\"css-jf1v9l\\", [])}></div>;"`;

exports[`emotion/babel babel css prop className as expression 1`] = `"<div className={variable + \\" \\" + css(\\"css-jf1v9l\\", [])}></div>;"`;

exports[`emotion/babel babel css prop className as expression string 1`] = `"<div className={\`test__class\` + \\" \\" + css(\\"css-jf1v9l\\", [])} this={\`hello\`}></div>;"`;

exports[`emotion/babel babel css prop css empty 1`] = `"<div className={css(\\"css-0\\", [])}></div>;"`;

exports[`emotion/babel babel css prop emptyClassName 1`] = `"<div className={\\"\\" + \\" \\" + css(\\"css-jf1v9l\\", [])}></div>;"`;

exports[`emotion/babel babel css prop no css attr 1`] = `"<div></div>;"`;

exports[`emotion/babel babel css prop noClassName 1`] = `"<div className={css(\\"css-jf1v9l\\", [])}></div>;"`;

exports[`emotion/babel babel emotion component attr 1`] = `
"emotion('input', ['css-15kq7zy', [function getmargin(props) {
     return props.margin;
}, props => props.height * props.scale, function getwidth(props) {
     return props.width;
}, flex]]);"
`;

exports[`emotion/babel babel emotion component basic 1`] = `"emotion(\\"h1\\", [\\"css-8xpzga\\", [fontSize]]);"`;

exports[`emotion/babel babel emotion component function call 1`] = `"emotion(MyComponent, [\\"css-8xpzga\\", [fontSize]]);"`;
